// Jest Snapshot v1, https://goo.gl/fbAQLP

exports[`renders homepage unchanged 1`] = `
<div>
  <div>
    <nav>
      <ul>
        <li>
          <a
            href="/"
          >
            Home
          </a>
        </li>
        <li>
          <a
            href="/auth/login"
          >
            Login
          </a>
        </li>
      </ul>
    </nav>
    <h1>
      Home
    </h1>
  </div>
</div>
`;
